Exception ignored in: <function _xla_gc_callback at 0x7f76ec2c35e0>
Traceback (most recent call last):
  File "/home/kraghavan/miniconda3/envs/jax__kkt/lib/python3.9/site-packages/jax/_src/lib/__init__.py", line 96, in _xla_gc_callback
    def _xla_gc_callback(*args):
KeyboardInterrupt: 
Traceback (most recent call last):
  File "/home/kraghavan/current/CL_codes/ContLearn/run.py", line 28, in <module>
    from cl.config import Params, load_config
  File "/home/kraghavan/current/CL_codes/ContLearn/src/cl/__init__.py", line 11, in <module>
    from .core.trainer import Trainer
  File "/home/kraghavan/current/CL_codes/ContLearn/src/cl/core/__init__.py", line 13, in <module>
    from .trainer import Trainer
  File "/home/kraghavan/current/CL_codes/ContLearn/src/cl/core/trainer.py", line 11, in <module>
    from .losses import LossMixin
  File "/home/kraghavan/current/CL_codes/ContLearn/src/cl/core/losses.py", line 15, in <module>
    import optax
  File "/home/kraghavan/miniconda3/envs/jax__kkt/lib/python3.9/site-packages/optax/__init__.py", line 21, in <module>
    from optax import contrib
  File "/home/kraghavan/miniconda3/envs/jax__kkt/lib/python3.9/site-packages/optax/contrib/__init__.py", line 19, in <module>
    from optax.contrib._acprop import acprop
  File "/home/kraghavan/miniconda3/envs/jax__kkt/lib/python3.9/site-packages/optax/contrib/_acprop.py", line 26, in <module>
    from optax import tree_utils as otu
  File "/home/kraghavan/miniconda3/envs/jax__kkt/lib/python3.9/site-packages/optax/tree_utils/__init__.py", line 19, in <module>
    from optax.tree_utils._casting import tree_cast
  File "/home/kraghavan/miniconda3/envs/jax__kkt/lib/python3.9/site-packages/optax/tree_utils/_casting.py", line 20, in <module>
    import chex
  File "/home/kraghavan/miniconda3/envs/jax__kkt/lib/python3.9/site-packages/chex/__init__.py", line 96, in <module>
    from chex._src.variants import all_variants
  File "/home/kraghavan/miniconda3/envs/jax__kkt/lib/python3.9/site-packages/chex/_src/variants.py", line 25, in <module>
    from absl.testing import parameterized
  File "<frozen importlib._bootstrap>", line 1007, in _find_and_load
  File "<frozen importlib._bootstrap>", line 982, in _find_and_load_unlocked
  File "<frozen importlib._bootstrap>", line 925, in _find_spec
  File "<frozen importlib._bootstrap_external>", line 1423, in find_spec
  File "<frozen importlib._bootstrap_external>", line 1395, in _get_spec
  File "<frozen importlib._bootstrap_external>", line 1526, in find_spec
  File "<frozen importlib._bootstrap_external>", line 1569, in _fill_cache
KeyboardInterrupt
