JAX Backend: gpu
JAX Devices: [CudaDevice(id=0)]

Loaded config from: runs__/configs/synthetic_graph_condition1_baseline.json
Problem type: classification
Dataset: synthetic
Tasks: 10
AWB enabled: False


############################################################
# Run 1 / 1
############################################################
Synthetic Graph Dataset:
======================
Number of training graphs: 8000
Number of test graphs: 2000
Number of features: 5
Number of classes: 10

============================================================
Task 0
============================================================
Task 0: Selected classes [5 0], current=1633, memory=1633
Task 0: Selected classes [5 0], current=412, memory=1633
Task 0: Selected classes [5 0], current=412, memory=1633
Standard CL training (lr=0.000100, adaptive_lr_min=1.00e-06, loss_ratio=1.00)
[DEBUG] PrefetchDataLoader initialized with device: cuda:0
[DEBUG] All available JAX devices: [CudaDevice(id=0)]
[DEBUG] PrefetchDataLoader initialized with device: cuda:0
[DEBUG] All available JAX devices: [CudaDevice(id=0)]
  0%|          | 0/250 [00:00<?, ?it/s]Traceback (most recent call last):
  File "/home/kraghavan/projects/ContLearn/run.py", line 130, in <module>
    main()
  File "/home/kraghavan/projects/ContLearn/run.py", line 108, in main
    record_dict = train_model(config, run_id=run_id)
  File "/home/kraghavan/projects/ContLearn/src/cl/runners/generic_runner.py", line 1072, in train_model
    params, static, opt_state, record_dict = trainer.train__CL(
  File "/home/kraghavan/miniconda3/envs/jax__kkt/lib/python3.10/site-packages/equinox/_module/_prebuilt.py", line 33, in __call__
    return self.__func__(self.__self__, *args, **kwargs)
  File "/home/kraghavan/projects/ContLearn/src/cl/core/profiling.py", line 100, in wrapper
    return func(*args, **kwargs)
  File "/home/kraghavan/projects/ContLearn/src/cl/core/loops.py", line 374, in train__CL
    var_x, var_adj = self._compute_perturbation_variance(
  File "/home/kraghavan/miniconda3/envs/jax__kkt/lib/python3.10/site-packages/equinox/_module/_prebuilt.py", line 33, in __call__
    return self.__func__(self.__self__, *args, **kwargs)
  File "/home/kraghavan/projects/ContLearn/src/cl/core/loops.py", line 244, in _compute_perturbation_variance
    _ = next(exp_iter_test)
  File "/home/kraghavan/projects/ContLearn/src/cl/datasets/jax_dataloader.py", line 114, in __iter__
    raise exception_storage[0]
  File "/home/kraghavan/projects/ContLearn/src/cl/datasets/jax_dataloader.py", line 88, in prefetch_worker
    x_gpu = jax.device_put(jnp.asarray(x, dtype=jnp.float64), device=self.device)
  File "/home/kraghavan/miniconda3/envs/jax__kkt/lib/python3.10/site-packages/jax/_src/numpy/array.py", line 383, in asarray
    return array(a, dtype=dtype, copy=bool(copy), order=order, device=device)
  File "/home/kraghavan/miniconda3/envs/jax__kkt/lib/python3.10/site-packages/jax/_src/numpy/array.py", line 244, in array
    out = np.asarray(object, dtype=dtype)
ValueError: setting an array element with a sequence. The requested array has an inhomogeneous shape after 2 dimensions. The detected shape was (4, 2) + inhomogeneous part.
  0%|          | 0/250 [00:00<?, ?it/s]
