JAX Backend: gpu
JAX Devices: [CudaDevice(id=0)]

Loaded config from: /home/kraghavan/projects/ContLearn/kkt_run/kkt/../configs/synthetic_graph_condition2_heuristics.json
Problem type: classification
Dataset: synthetic
Tasks: 10
AWB enabled: False

Output directory: /home/kraghavan/projects/ContLearn/kkt_run/kkt/results/synthetic_graph
Model path: /home/kraghavan/projects/ContLearn/kkt_run/kkt/results/synthetic_graph/model


############################################################
# Run 1 / 1
############################################################
Synthetic Graph Dataset:
======================
Number of training graphs: 8000
Number of test graphs: 2000
Number of features: 5
Number of classes: 10

============================================================
Task 0
============================================================
Task 0: Selected classes [5 0], current=1633, memory=1633
Task 0: Selected classes [5 0], current=412, memory=1633
Task 0: Selected classes [5 0], current=412, memory=1633
Standard CL training (lr=0.000100, adaptive_lr_min=1.00e-06, loss_ratio=1.00)
  0%|          | 0/250 [00:00<?, ?it/s]  0%|          | 1/250 [00:40<2:50:02, 40.97s/it]  1%|          | 2/250 [01:08<2:17:00, 33.15s/it]  1%|          | 3/250 [01:35<2:05:28, 30.48s/it]  2%|▏         | 4/250 [02:02<1:58:46, 28.97s/it]  2%|▏         | 5/250 [02:29<1:54:43, 28.10s/it]  2%|▏         | 6/250 [02:55<1:52:29, 27.66s/it]  3%|▎         | 7/250 [03:22<1:50:53, 27.38s/it]  3%|▎         | 8/250 [03:49<1:49:36, 27.17s/it]