JAX Backend: gpu
JAX Devices: [CudaDevice(id=0)]

Loaded config from: /home/kraghavan/projects/ContLearn/kkt_run/kkt/../configs/synthetic_graph_condition4_awb_full.json
Problem type: classification
Dataset: synthetic
Tasks: 10
AWB enabled: True

Output directory: /home/kraghavan/projects/ContLearn/kkt_run/kkt/results/synthetic_graph
Model path: /home/kraghavan/projects/ContLearn/kkt_run/kkt/results/synthetic_graph/model


############################################################
# Run 1 / 1
############################################################
Synthetic Graph Dataset:
======================
Number of training graphs: 8000
Number of test graphs: 2000
Number of features: 5
Number of classes: 10

============================================================
Task 0
============================================================
Task 0: Selected classes [5 0], current=1633, memory=1633
Task 0: Selected classes [5 0], current=412, memory=1633
Task 0: Selected classes [5 0], current=412, memory=1633
Standard CL training (lr=0.000100, adaptive_lr_min=1.00e-06, loss_ratio=1.00)
  0%|          | 0/250 [00:00<?, ?it/s]  0%|          | 1/250 [00:41<2:52:57, 41.68s/it]  1%|          | 2/250 [01:09<2:17:52, 33.36s/it]  1%|          | 3/250 [01:36<2:06:21, 30.69s/it]  2%|▏         | 4/250 [02:03<1:59:25, 29.13s/it]  2%|▏         | 5/250 [02:29<1:55:06, 28.19s/it]  2%|▏         | 6/250 [02:56<1:52:22, 27.63s/it]  3%|▎         | 7/250 [03:23<1:50:43, 27.34s/it]  3%|▎         | 8/250 [03:49<1:48:35, 26.92s/it]